// Jest Snapshot v1, https://goo.gl/fbAQLP

exports[`renders the component 1`] = `
<header>
  <h1>
    Search for GitHub users
  </h1>
</header>
`;
